******************************************************************************
                  TI ARM Linker PC v20.2.0                     
******************************************************************************
>> Linked Fri May 22 22:28:44 2020

OUTPUT FILE NAME:   <Laborig9Tivac.out>
ENTRY POINT SYMBOL: "_c_int00_noargs"  address: 00000a49


MEMORY CONFIGURATION

         name            origin    length      used     unused   attr    fill
----------------------  --------  ---------  --------  --------  ----  --------
  FLASH                 00000000   00040000  00000ce2  0003f31e  R  X
  SRAM                  20000000   00008000  0000020c  00007df4  RW X


SEGMENT ALLOCATION MAP

run origin  load origin   length   init length attrs members
----------  ----------- ---------- ----------- ----- -------
00000000    00000000    00000ce8   00000ce8    r-x
  00000000    00000000    0000026c   0000026c    r-- .intvecs
  0000026c    0000026c    0000096a   0000096a    r-x .text
  00000bd8    00000bd8    000000dc   000000dc    r-- .const
  00000cb8    00000cb8    00000030   00000030    r-- .cinit
20000000    20000000    0000020c   00000000    rw-
  20000000    20000000    00000200   00000000    rw- .stack
  20000200    20000200    00000009   00000000    rw- .bss
  20000209    20000209    00000003   00000000    rw- .data


SECTION ALLOCATION MAP

 output                                  attributes/
section   page    origin      length       input sections
--------  ----  ----------  ----------   ----------------
.intvecs   0    00000000    0000026c     
                  00000000    0000026c     tm4c123gh6pm_startup_ccs.obj (.intvecs)

.text      0    0000026c    0000096a     
                  0000026c    00000218     main.obj (.text)
                  00000484    00000132     driverlib.lib : gpio.obj (.text:GPIOPadConfigSet)
                  000005b6    00000002     --HOLE-- [fill = 0]
                  000005b8    00000110                   : sysctl.obj (.text:SysCtlClockGet)
                  000006c8    000000f4                   : sysctl.obj (.text:SysCtlClockSet)
                  000007bc    0000009c     rtsv7M4_T_le_v4SPD16_eabi.lib : memcpy_t2.asm.obj (.text)
                  00000858    00000068     driverlib.lib : interrupt.obj (.text:IntEnable)
                  000008c0    00000068     rtsv7M4_T_le_v4SPD16_eabi.lib : copy_decompress_lzss.c.obj (.text:decompress:lzss:__TI_decompress_lzss)
                  00000928    00000060     driverlib.lib : timer.obj (.text:TimerConfigure)
                  00000988    00000046                   : uart.obj (.text:UARTConfigSetExpClk)
                  000009ce    00000002     --HOLE-- [fill = 0]
                  000009d0    00000044     rtsv7M4_T_le_v4SPD16_eabi.lib : autoinit.c.obj (.text:__TI_auto_init_nobinit_nopinit:__TI_auto_init_nobinit_nopinit)
                  00000a14    00000034     driverlib.lib : sysctl.obj (.text:SysCtlPeripheralEnable)
                  00000a48    00000034     rtsv7M4_T_le_v4SPD16_eabi.lib : boot_cortex_m.c.obj (.text:_c_int00_noargs:_c_int00_noargs)
                  00000a7c    0000002a     driverlib.lib : gpio.obj (.text:GPIODirModeSet)
                  00000aa6    00000002     --HOLE-- [fill = 0]
                  00000aa8    00000020                   : uart.obj (.text:UARTDisable)
                  00000ac8    0000001c     rtsv7M4_T_le_v4SPD16_eabi.lib : copy_zero_init.c.obj (.text:decompress:ZI:__TI_zero_init_nomemset:__TI_zero_init_nomemset)
                  00000ae4    00000018     driverlib.lib : gpio.obj (.text:GPIOPinTypeGPIOOutput)
                  00000afc    00000014                   : uart.obj (.text:UARTEnable)
                  00000b10    00000012                   : gpio.obj (.text:GPIOPinTypeUART)
                  00000b22    00000012                   : timer.obj (.text:TimerLoadSet)
                  00000b34    00000010                   : interrupt.obj (.text:IntMasterEnable)
                  00000b44    0000000e                   : timer.obj (.text:TimerEnable)
                  00000b52    0000000e                   : uart.obj (.text:UARTCharsAvail)
                  00000b60    0000000e     rtsv7M4_T_le_v4SPD16_eabi.lib : copy_decompress_none.c.obj (.text:decompress:none:__TI_decompress_none)
                  00000b6e    0000000c     driverlib.lib : cpu.obj (.text:CPUcpsie)
                  00000b7a    0000000c     tm4c123gh6pm_startup_ccs.obj (.text)
                  00000b86    0000000a     driverlib.lib : uart.obj (.text:UARTCharGet)
                  00000b90    0000000a                   : uart.obj (.text:UARTCharPut)
                  00000b9a    0000000a                   : uart.obj (.text:UARTIntStatus)
                  00000ba4    00000008                   : timer.obj (.text:TimerIntEnable)
                  00000bac    00000008                   : uart.obj (.text:UARTIntEnable)
                  00000bb4    00000006                   : gpio.obj (.text:GPIOPinRead)
                  00000bba    00000006                   : gpio.obj (.text:GPIOPinWrite)
                  00000bc0    00000006                   : sysctl.obj (.text:SysCtlDelay)
                  00000bc6    00000004                   : timer.obj (.text:TimerIntClear)
                  00000bca    00000004                   : uart.obj (.text:UARTIntClear)
                  00000bce    00000004     rtsv7M4_T_le_v4SPD16_eabi.lib : pre_init.c.obj (.text:_system_pre_init)
                  00000bd2    00000004                                   : exit.c.obj (.text:abort:abort)

.const     0    00000bd8    000000dc     
                  00000bd8    00000070     driverlib.lib : interrupt.obj (.const)
                  00000c48    0000006c                   : sysctl.obj (.const:g_pui32Xtals)

.cinit     0    00000cb8    00000030     
                  00000cb8    0000000c     (__TI_handler_table)
                  00000cc4    00000004     --HOLE-- [fill = 0]
                  00000cc8    00000008     (.cinit..bss.load) [load image, compression = zero_init]
                  00000cd0    00000007     (.cinit..data.load) [load image, compression = lzss]
                  00000cd7    00000001     --HOLE-- [fill = 0]
                  00000cd8    00000010     (__TI_cinit_table)

.init_array 
*          0    00000000    00000000     UNINITIALIZED

.bss       0    20000200    00000009     UNINITIALIZED
                  20000200    00000004     (.common:ui32Period)
                  20000204    00000004     (.common:ui32Ustatus)
                  20000208    00000001     (.common:controlvar)

.data      0    20000209    00000003     UNINITIALIZED
                  20000209    00000003     main.obj (.data)

.stack     0    20000000    00000200     UNINITIALIZED
                  20000000    00000004     rtsv7M4_T_le_v4SPD16_eabi.lib : boot_cortex_m.c.obj (.stack)
                  20000004    000001fc     --HOLE--

__llvm_prf_cnts 
*          0    20000000    00000000     UNINITIALIZED

MODULE SUMMARY

       Module                         code   ro data   rw data
       ------                         ----   -------   -------
    .\
       tm4c123gh6pm_startup_ccs.obj   12     620       0      
       main.obj                       536    0         12     
    +--+------------------------------+------+---------+---------+
       Total:                         548    620       12     
                                                              
    C:/ti/TivaWare_C_Series-2.1.4.178/driverlib/ccs/Debug/driverlib.lib
       sysctl.obj                     574    108       0      
       gpio.obj                       402    0         0      
       interrupt.obj                  120    112       0      
       uart.obj                       178    0         0      
       timer.obj                      140    0         0      
       cpu.obj                        12     0         0      
    +--+------------------------------+------+---------+---------+
       Total:                         1426   220       0      
                                                              
    C:\ti\ccs1000\ccs\tools\compiler\ti-cgt-arm_20.2.0.LTS\lib\rtsv7M4_T_le_v4SPD16_eabi.lib
       memcpy_t2.asm.obj              156    0         0      
       copy_decompress_lzss.c.obj     104    0         0      
       autoinit.c.obj                 68     0         0      
       boot_cortex_m.c.obj            52     0         0      
       copy_zero_init.c.obj           28     0         0      
       copy_decompress_none.c.obj     14     0         0      
       exit.c.obj                     4      0         0      
       pre_init.c.obj                 4      0         0      
    +--+------------------------------+------+---------+---------+
       Total:                         430    0         0      
                                                              
       Stack:                         0      0         512    
       Linker Generated:              0      43        0      
    +--+------------------------------+------+---------+---------+
       Grand Total:                   2404   883       524    


LINKER GENERATED COPY TABLES

__TI_cinit_table @ 00000cd8 records: 2, size/record: 8, table size: 16
	.bss: load addr=00000cc8, load size=00000008 bytes, run addr=20000200, run size=00000009 bytes, compression=zero_init
	.data: load addr=00000cd0, load size=00000007 bytes, run addr=20000209, run size=00000003 bytes, compression=lzss


LINKER GENERATED HANDLER TABLE

__TI_handler_table @ 00000cb8 records: 3, size/record: 4, table size: 12
	index: 0, handler: __TI_decompress_lzss
	index: 1, handler: __TI_decompress_none
	index: 2, handler: __TI_zero_init


GLOBAL SYMBOLS: SORTED ALPHABETICALLY BY Name 

address   name                          
-------   ----                          
00000bd3  C$$EXIT                       
00000b6f  CPUcpsie                      
00000a7d  GPIODirModeSet                
00000485  GPIOPadConfigSet              
00000bb5  GPIOPinRead                   
00000ae5  GPIOPinTypeGPIOOutput         
00000b11  GPIOPinTypeUART               
00000bbb  GPIOPinWrite                  
000003b5  InitUART                      
00000859  IntEnable                     
00000b35  IntMasterEnable               
2000020b  LED_BLUE                      
2000020a  LED_GREEN                     
20000209  LED_RED                       
00000b7b  ResetISR                      
000005b9  SysCtlClockGet                
000006c9  SysCtlClockSet                
00000bc1  SysCtlDelay                   
00000a15  SysCtlPeripheralEnable        
000002d5  Timer0IntHandlerA             
00000929  TimerConfigure                
00000b45  TimerEnable                   
00000bc7  TimerIntClear                 
00000ba5  TimerIntEnable                
00000b23  TimerLoadSet                  
00000b87  UARTCharGet                   
00000b91  UARTCharPut                   
00000b53  UARTCharsAvail                
00000989  UARTConfigSetExpClk           
00000aa9  UARTDisable                   
00000afd  UARTEnable                    
00000bcb  UARTIntClear                  
00000bad  UARTIntEnable                 
0000035f  UARTIntHandler                
00000b9b  UARTIntStatus                 
20000200  __STACK_END                   
00000200  __STACK_SIZE                  
20000200  __STACK_TOP                   
00000cd8  __TI_CINIT_Base               
00000ce8  __TI_CINIT_Limit              
00000cb8  __TI_Handler_Table_Base       
00000cc4  __TI_Handler_Table_Limit      
000009d1  __TI_auto_init_nobinit_nopinit
000008c1  __TI_decompress_lzss          
00000b61  __TI_decompress_none          
ffffffff  __TI_pprof_out_hndl           
ffffffff  __TI_prof_data_size           
ffffffff  __TI_prof_data_start          
00000000  __TI_static_base__            
00000ac9  __TI_zero_init_nomemset       
000007bd  __aeabi_memcpy                
000007bd  __aeabi_memcpy4               
000007bd  __aeabi_memcpy8               
ffffffff  __binit__                     
ffffffff  __c_args__                    
UNDEFED   __mpu_init                    
20000000  __stack                       
20000000  __start___llvm_prf_cnts       
20000000  __stop___llvm_prf_cnts        
00000a49  _c_int00_noargs               
UNDEFED   _system_post_cinit            
00000bcf  _system_pre_init              
00000bd3  abort                         
ffffffff  binit                         
20000208  controlvar                    
00000000  g_pfnVectors                  
0000026d  main                          
000007bd  memcpy                        
20000200  ui32Period                    
20000204  ui32Ustatus                   


GLOBAL SYMBOLS: SORTED BY Symbol Address 

address   name                          
-------   ----                          
00000000  __TI_static_base__            
00000000  g_pfnVectors                  
00000200  __STACK_SIZE                  
0000026d  main                          
000002d5  Timer0IntHandlerA             
0000035f  UARTIntHandler                
000003b5  InitUART                      
00000485  GPIOPadConfigSet              
000005b9  SysCtlClockGet                
000006c9  SysCtlClockSet                
000007bd  __aeabi_memcpy                
000007bd  __aeabi_memcpy4               
000007bd  __aeabi_memcpy8               
000007bd  memcpy                        
00000859  IntEnable                     
000008c1  __TI_decompress_lzss          
00000929  TimerConfigure                
00000989  UARTConfigSetExpClk           
000009d1  __TI_auto_init_nobinit_nopinit
00000a15  SysCtlPeripheralEnable        
00000a49  _c_int00_noargs               
00000a7d  GPIODirModeSet                
00000aa9  UARTDisable                   
00000ac9  __TI_zero_init_nomemset       
00000ae5  GPIOPinTypeGPIOOutput         
00000afd  UARTEnable                    
00000b11  GPIOPinTypeUART               
00000b23  TimerLoadSet                  
00000b35  IntMasterEnable               
00000b45  TimerEnable                   
00000b53  UARTCharsAvail                
00000b61  __TI_decompress_none          
00000b6f  CPUcpsie                      
00000b7b  ResetISR                      
00000b87  UARTCharGet                   
00000b91  UARTCharPut                   
00000b9b  UARTIntStatus                 
00000ba5  TimerIntEnable                
00000bad  UARTIntEnable                 
00000bb5  GPIOPinRead                   
00000bbb  GPIOPinWrite                  
00000bc1  SysCtlDelay                   
00000bc7  TimerIntClear                 
00000bcb  UARTIntClear                  
00000bcf  _system_pre_init              
00000bd3  C$$EXIT                       
00000bd3  abort                         
00000cb8  __TI_Handler_Table_Base       
00000cc4  __TI_Handler_Table_Limit      
00000cd8  __TI_CINIT_Base               
00000ce8  __TI_CINIT_Limit              
20000000  __stack                       
20000000  __start___llvm_prf_cnts       
20000000  __stop___llvm_prf_cnts        
20000200  __STACK_END                   
20000200  __STACK_TOP                   
20000200  ui32Period                    
20000204  ui32Ustatus                   
20000208  controlvar                    
20000209  LED_RED                       
2000020a  LED_GREEN                     
2000020b  LED_BLUE                      
ffffffff  __TI_pprof_out_hndl           
ffffffff  __TI_prof_data_size           
ffffffff  __TI_prof_data_start          
ffffffff  __binit__                     
ffffffff  __c_args__                    
ffffffff  binit                         
UNDEFED   __mpu_init                    
UNDEFED   _system_post_cinit            

[70 symbols]
